// Jest Snapshot v1, https://goo.gl/fbAQLP

exports[`Snapshot 1`] = `
{
  "Mappings": {
    "LatestNodeRuntimeMap": {
      "af-south-1": {
        "value": "nodejs20.x",
      },
      "ap-east-1": {
        "value": "nodejs20.x",
      },
      "ap-northeast-1": {
        "value": "nodejs20.x",
      },
      "ap-northeast-2": {
        "value": "nodejs20.x",
      },
      "ap-northeast-3": {
        "value": "nodejs20.x",
      },
      "ap-south-1": {
        "value": "nodejs20.x",
      },
      "ap-south-2": {
        "value": "nodejs20.x",
      },
      "ap-southeast-1": {
        "value": "nodejs20.x",
      },
      "ap-southeast-2": {
        "value": "nodejs20.x",
      },
      "ap-southeast-3": {
        "value": "nodejs20.x",
      },
      "ap-southeast-4": {
        "value": "nodejs20.x",
      },
      "ap-southeast-5": {
        "value": "nodejs20.x",
      },
      "ap-southeast-7": {
        "value": "nodejs20.x",
      },
      "ca-central-1": {
        "value": "nodejs20.x",
      },
      "ca-west-1": {
        "value": "nodejs20.x",
      },
      "cn-north-1": {
        "value": "nodejs18.x",
      },
      "cn-northwest-1": {
        "value": "nodejs18.x",
      },
      "eu-central-1": {
        "value": "nodejs20.x",
      },
      "eu-central-2": {
        "value": "nodejs20.x",
      },
      "eu-isoe-west-1": {
        "value": "nodejs18.x",
      },
      "eu-north-1": {
        "value": "nodejs20.x",
      },
      "eu-south-1": {
        "value": "nodejs20.x",
      },
      "eu-south-2": {
        "value": "nodejs20.x",
      },
      "eu-west-1": {
        "value": "nodejs20.x",
      },
      "eu-west-2": {
        "value": "nodejs20.x",
      },
      "eu-west-3": {
        "value": "nodejs20.x",
      },
      "il-central-1": {
        "value": "nodejs20.x",
      },
      "me-central-1": {
        "value": "nodejs20.x",
      },
      "me-south-1": {
        "value": "nodejs20.x",
      },
      "mx-central-1": {
        "value": "nodejs20.x",
      },
      "sa-east-1": {
        "value": "nodejs20.x",
      },
      "us-east-1": {
        "value": "nodejs20.x",
      },
      "us-east-2": {
        "value": "nodejs20.x",
      },
      "us-gov-east-1": {
        "value": "nodejs18.x",
      },
      "us-gov-west-1": {
        "value": "nodejs18.x",
      },
      "us-iso-east-1": {
        "value": "nodejs18.x",
      },
      "us-iso-west-1": {
        "value": "nodejs18.x",
      },
      "us-isob-east-1": {
        "value": "nodejs18.x",
      },
      "us-west-1": {
        "value": "nodejs20.x",
      },
      "us-west-2": {
        "value": "nodejs20.x",
      },
    },
  },
  "Metadata": {
    "cdk_nag": {
      "rules_to_suppress": [
        {
          "id": "AwsSolutions-L1",
          "reason": "Latest runtime cannot be configured. CDK will need to upgrade the BucketDeployment construct accordingly.",
        },
        {
          "applies_to": [
            {
              "regex": "/^Action::s3:.*$/g",
            },
            {
              "regex": "/^Resource::.*$/g",
            },
          ],
          "id": "AwsSolutions-IAM5",
          "reason": "All Policies have been scoped to a Bucket. Given Buckets can contain arbitrary content, wildcard resources with bucket scope are required.",
        },
        {
          "id": "AwsSolutions-IAM4",
          "reason": "Buckets can contain arbitrary content, therefore wildcard resources under a bucket are required.",
        },
        {
          "id": "AwsSolutions-S1",
          "reason": "Access Log buckets should not have s3 bucket logging",
        },
      ],
    },
  },
  "Outputs": {
    "DevWebsiteFrontendDistributionDomainName1CFD80FB": {
      "Value": {
        "Fn::GetAtt": [
          "DevWebsiteFrontendCloudfrontDistribution27357001",
          "DomainName",
        ],
      },
    },
  },
  "Parameters": {
    "BootstrapVersion": {
      "Default": "/cdk-bootstrap/hnb659fds/version",
      "Description": "Version of the CDK Bootstrap resources in this environment, automatically retrieved from SSM Parameter Store. [cdk:skip]",
      "Type": "AWS::SSM::Parameter::Value<String>",
    },
  },
  "Resources": {
    "CustomCDKBucketDeployment8693BB64968944B69AAFB0CC9EB8756C81C01536": {
      "DependsOn": [
        "CustomCDKBucketDeployment8693BB64968944B69AAFB0CC9EB8756CServiceRoleDefaultPolicy88902FDF",
        "CustomCDKBucketDeployment8693BB64968944B69AAFB0CC9EB8756CServiceRole89A01265",
      ],
      "Properties": {
        "Code": {
          "S3Bucket": {
            "Fn::Sub": "cdk-hnb659fds-assets-\${AWS::AccountId}-\${AWS::Region}",
          },
          "S3Key": "c6358465bf49dfae556bb430bf9c81fa578c221b82c308e3707901b1dd654762.zip",
        },
        "Environment": {
          "Variables": {
            "AWS_CA_BUNDLE": "/etc/pki/ca-trust/extracted/pem/tls-ca-bundle.pem",
          },
        },
        "Handler": "index.handler",
        "Layers": [
          {
            "Ref": "DevWebsiteFrontendWebsiteDeploymentAwsCliLayerC6B36266",
          },
        ],
        "Role": {
          "Fn::GetAtt": [
            "CustomCDKBucketDeployment8693BB64968944B69AAFB0CC9EB8756CServiceRole89A01265",
            "Arn",
          ],
        },
        "Runtime": "python3.11",
        "Timeout": 900,
      },
      "Type": "AWS::Lambda::Function",
    },
    "CustomCDKBucketDeployment8693BB64968944B69AAFB0CC9EB8756CServiceRole89A01265": {
      "Properties": {
        "AssumeRolePolicyDocument": {
          "Statement": [
            {
              "Action": "sts:AssumeRole",
              "Effect": "Allow",
              "Principal": {
                "Service": "lambda.amazonaws.com",
              },
            },
          ],
          "Version": "2012-10-17",
        },
        "ManagedPolicyArns": [
          {
            "Fn::Join": [
              "",
              [
                "arn:",
                {
                  "Ref": "AWS::Partition",
                },
                ":iam::aws:policy/service-role/AWSLambdaBasicExecutionRole",
              ],
            ],
          },
        ],
      },
      "Type": "AWS::IAM::Role",
    },
    "CustomCDKBucketDeployment8693BB64968944B69AAFB0CC9EB8756CServiceRoleDefaultPolicy88902FDF": {
      "Properties": {
        "PolicyDocument": {
          "Statement": [
            {
              "Action": [
                "s3:GetObject*",
                "s3:GetBucket*",
                "s3:List*",
              ],
              "Effect": "Allow",
              "Resource": [
                {
                  "Fn::Join": [
                    "",
                    [
                      "arn:",
                      {
                        "Ref": "AWS::Partition",
                      },
                      ":s3:::",
                      {
                        "Fn::Sub": "cdk-hnb659fds-assets-\${AWS::AccountId}-\${AWS::Region}",
                      },
                    ],
                  ],
                },
                {
                  "Fn::Join": [
                    "",
                    [
                      "arn:",
                      {
                        "Ref": "AWS::Partition",
                      },
                      ":s3:::",
                      {
                        "Fn::Sub": "cdk-hnb659fds-assets-\${AWS::AccountId}-\${AWS::Region}",
                      },
                      "/*",
                    ],
                  ],
                },
              ],
            },
            {
              "Action": [
                "s3:GetObject*",
                "s3:GetBucket*",
                "s3:List*",
                "s3:DeleteObject*",
                "s3:PutObject",
                "s3:PutObjectLegalHold",
                "s3:PutObjectRetention",
                "s3:PutObjectTagging",
                "s3:PutObjectVersionTagging",
                "s3:Abort*",
              ],
              "Effect": "Allow",
              "Resource": [
                {
                  "Fn::GetAtt": [
                    "DevWebsiteFrontendWebsiteBucketE62F7FA7",
                    "Arn",
                  ],
                },
                {
                  "Fn::Join": [
                    "",
                    [
                      {
                        "Fn::GetAtt": [
                          "DevWebsiteFrontendWebsiteBucketE62F7FA7",
                          "Arn",
                        ],
                      },
                      "/*",
                    ],
                  ],
                },
              ],
            },
            {
              "Action": [
                "cloudfront:GetInvalidation",
                "cloudfront:CreateInvalidation",
              ],
              "Effect": "Allow",
              "Resource": "*",
            },
          ],
          "Version": "2012-10-17",
        },
        "PolicyName": "CustomCDKBucketDeployment8693BB64968944B69AAFB0CC9EB8756CServiceRoleDefaultPolicy88902FDF",
        "Roles": [
          {
            "Ref": "CustomCDKBucketDeployment8693BB64968944B69AAFB0CC9EB8756CServiceRole89A01265",
          },
        ],
      },
      "Type": "AWS::IAM::Policy",
    },
    "CustomS3AutoDeleteObjectsCustomResourceProviderHandler9D90184F": {
      "DependsOn": [
        "CustomS3AutoDeleteObjectsCustomResourceProviderRole3B1BD092",
      ],
      "Properties": {
        "Code": {
          "S3Bucket": {
            "Fn::Sub": "cdk-hnb659fds-assets-\${AWS::AccountId}-\${AWS::Region}",
          },
          "S3Key": "faa95a81ae7d7373f3e1f242268f904eb748d8d0fdd306e8a6fe515a1905a7d6.zip",
        },
        "Description": {
          "Fn::Join": [
            "",
            [
              "Lambda function for auto-deleting objects in ",
              {
                "Ref": "DevWebsiteFrontendAccessLogsBucket36231F66",
              },
              " S3 bucket.",
            ],
          ],
        },
        "Handler": "index.handler",
        "MemorySize": 128,
        "Role": {
          "Fn::GetAtt": [
            "CustomS3AutoDeleteObjectsCustomResourceProviderRole3B1BD092",
            "Arn",
          ],
        },
        "Runtime": {
          "Fn::FindInMap": [
            "LatestNodeRuntimeMap",
            {
              "Ref": "AWS::Region",
            },
            "value",
          ],
        },
        "Timeout": 900,
      },
      "Type": "AWS::Lambda::Function",
    },
    "CustomS3AutoDeleteObjectsCustomResourceProviderRole3B1BD092": {
      "Properties": {
        "AssumeRolePolicyDocument": {
          "Statement": [
            {
              "Action": "sts:AssumeRole",
              "Effect": "Allow",
              "Principal": {
                "Service": "lambda.amazonaws.com",
              },
            },
          ],
          "Version": "2012-10-17",
        },
        "ManagedPolicyArns": [
          {
            "Fn::Sub": "arn:\${AWS::Partition}:iam::aws:policy/service-role/AWSLambdaBasicExecutionRole",
          },
        ],
      },
      "Type": "AWS::IAM::Role",
    },
    "DevWebsiteFrontendAccessLogsBucket36231F66": {
      "DeletionPolicy": "Delete",
      "Metadata": {
        "cdk_nag": {
          "rules_to_suppress": [
            {
              "id": "AwsPrototyping-CloudFrontDistributionGeoRestrictions",
              "reason": "Suppressed to allow unrestricted access. Not recommended in production.",
            },
          ],
        },
      },
      "Properties": {
        "BucketEncryption": {
          "ServerSideEncryptionConfiguration": [
            {
              "ServerSideEncryptionByDefault": {
                "SSEAlgorithm": "AES256",
              },
            },
          ],
        },
        "OwnershipControls": {
          "Rules": [
            {
              "ObjectOwnership": "ObjectWriter",
            },
          ],
        },
        "PublicAccessBlockConfiguration": {
          "BlockPublicAcls": true,
          "BlockPublicPolicy": true,
          "IgnorePublicAcls": true,
          "RestrictPublicBuckets": true,
        },
        "Tags": [
          {
            "Key": "aws-cdk:auto-delete-objects",
            "Value": "true",
          },
        ],
      },
      "Type": "AWS::S3::Bucket",
      "UpdateReplacePolicy": "Delete",
    },
    "DevWebsiteFrontendAccessLogsBucketAutoDeleteObjectsCustomResourceDE924007": {
      "DeletionPolicy": "Delete",
      "DependsOn": [
        "DevWebsiteFrontendAccessLogsBucketPolicyE4F03A75",
      ],
      "Metadata": {
        "cdk_nag": {
          "rules_to_suppress": [
            {
              "id": "AwsPrototyping-CloudFrontDistributionGeoRestrictions",
              "reason": "Suppressed to allow unrestricted access. Not recommended in production.",
            },
          ],
        },
      },
      "Properties": {
        "BucketName": {
          "Ref": "DevWebsiteFrontendAccessLogsBucket36231F66",
        },
        "ServiceToken": {
          "Fn::GetAtt": [
            "CustomS3AutoDeleteObjectsCustomResourceProviderHandler9D90184F",
            "Arn",
          ],
        },
      },
      "Type": "Custom::S3AutoDeleteObjects",
      "UpdateReplacePolicy": "Delete",
    },
    "DevWebsiteFrontendAccessLogsBucketPolicyE4F03A75": {
      "Metadata": {
        "cdk_nag": {
          "rules_to_suppress": [
            {
              "id": "AwsPrototyping-CloudFrontDistributionGeoRestrictions",
              "reason": "Suppressed to allow unrestricted access. Not recommended in production.",
            },
          ],
        },
      },
      "Properties": {
        "Bucket": {
          "Ref": "DevWebsiteFrontendAccessLogsBucket36231F66",
        },
        "PolicyDocument": {
          "Statement": [
            {
              "Action": "s3:*",
              "Condition": {
                "Bool": {
                  "aws:SecureTransport": "false",
                },
              },
              "Effect": "Deny",
              "Principal": {
                "AWS": "*",
              },
              "Resource": [
                {
                  "Fn::GetAtt": [
                    "DevWebsiteFrontendAccessLogsBucket36231F66",
                    "Arn",
                  ],
                },
                {
                  "Fn::Join": [
                    "",
                    [
                      {
                        "Fn::GetAtt": [
                          "DevWebsiteFrontendAccessLogsBucket36231F66",
                          "Arn",
                        ],
                      },
                      "/*",
                    ],
                  ],
                },
              ],
            },
            {
              "Action": [
                "s3:PutBucketPolicy",
                "s3:GetBucket*",
                "s3:List*",
                "s3:DeleteObject*",
              ],
              "Effect": "Allow",
              "Principal": {
                "AWS": {
                  "Fn::GetAtt": [
                    "CustomS3AutoDeleteObjectsCustomResourceProviderRole3B1BD092",
                    "Arn",
                  ],
                },
              },
              "Resource": [
                {
                  "Fn::GetAtt": [
                    "DevWebsiteFrontendAccessLogsBucket36231F66",
                    "Arn",
                  ],
                },
                {
                  "Fn::Join": [
                    "",
                    [
                      {
                        "Fn::GetAtt": [
                          "DevWebsiteFrontendAccessLogsBucket36231F66",
                          "Arn",
                        ],
                      },
                      "/*",
                    ],
                  ],
                },
              ],
            },
            {
              "Action": "s3:PutObject",
              "Condition": {
                "ArnLike": {
                  "aws:SourceArn": {
                    "Fn::GetAtt": [
                      "DevWebsiteFrontendWebsiteBucketE62F7FA7",
                      "Arn",
                    ],
                  },
                },
                "StringEquals": {
                  "aws:SourceAccount": {
                    "Ref": "AWS::AccountId",
                  },
                },
              },
              "Effect": "Allow",
              "Principal": {
                "Service": "logging.s3.amazonaws.com",
              },
              "Resource": {
                "Fn::Join": [
                  "",
                  [
                    {
                      "Fn::GetAtt": [
                        "DevWebsiteFrontendAccessLogsBucket36231F66",
                        "Arn",
                      ],
                    },
                    "/website-access-logs*",
                  ],
                ],
              },
            },
            {
              "Action": "s3:PutObject",
              "Condition": {
                "ArnLike": {
                  "aws:SourceArn": {
                    "Fn::GetAtt": [
                      "DevWebsiteFrontendDistributionLogBucket2F69FC00",
                      "Arn",
                    ],
                  },
                },
                "StringEquals": {
                  "aws:SourceAccount": {
                    "Ref": "AWS::AccountId",
                  },
                },
              },
              "Effect": "Allow",
              "Principal": {
                "Service": "logging.s3.amazonaws.com",
              },
              "Resource": {
                "Fn::Join": [
                  "",
                  [
                    {
                      "Fn::GetAtt": [
                        "DevWebsiteFrontendAccessLogsBucket36231F66",
                        "Arn",
                      ],
                    },
                    "/distribution-access-logs*",
                  ],
                ],
              },
            },
          ],
          "Version": "2012-10-17",
        },
      },
      "Type": "AWS::S3::BucketPolicy",
    },
    "DevWebsiteFrontendCloudfrontDistribution27357001": {
      "Metadata": {
        "cdk_nag": {
          "rules_to_suppress": [
            {
              "id": "AwsPrototyping-CloudFrontDistributionGeoRestrictions",
              "reason": "Suppressed to allow unrestricted access. Not recommended in production.",
            },
          ],
        },
      },
      "Properties": {
        "DistributionConfig": {
          "Aliases": [
            "example.com",
          ],
          "CustomErrorResponses": [
            {
              "ErrorCode": 404,
              "ResponseCode": 200,
              "ResponsePagePath": "/index.html",
            },
          ],
          "DefaultCacheBehavior": {
            "CachePolicyId": "658327ea-f89d-4fab-a63d-7e88639e58f6",
            "Compress": true,
            "TargetOriginId": "testDevWebsiteFrontendCloudfrontDistributionOrigin10824A13F",
            "ViewerProtocolPolicy": "redirect-to-https",
          },
          "DefaultRootObject": "index.html",
          "Enabled": true,
          "HttpVersion": "http2",
          "IPV6Enabled": true,
          "Logging": {
            "Bucket": {
              "Fn::GetAtt": [
                "DevWebsiteFrontendDistributionLogBucket2F69FC00",
                "RegionalDomainName",
              ],
            },
          },
          "Origins": [
            {
              "DomainName": {
                "Fn::GetAtt": [
                  "DevWebsiteFrontendWebsiteBucketE62F7FA7",
                  "RegionalDomainName",
                ],
              },
              "Id": "testDevWebsiteFrontendCloudfrontDistributionOrigin10824A13F",
              "S3OriginConfig": {
                "OriginAccessIdentity": {
                  "Fn::Join": [
                    "",
                    [
                      "origin-access-identity/cloudfront/",
                      {
                        "Ref": "DevWebsiteFrontendOriginAccessIdentityD070BA66",
                      },
                    ],
                  ],
                },
              },
            },
          ],
          "ViewerCertificate": {
            "AcmCertificateArn": {
              "Fn::ImportValue": "test-certificate:ExportsOutputRefAcmCertificate49D3B5AFC64B3FD5",
            },
            "MinimumProtocolVersion": "TLSv1.2_2021",
            "SslSupportMethod": "sni-only",
          },
        },
      },
      "Type": "AWS::CloudFront::Distribution",
    },
    "DevWebsiteFrontendDistributionLogBucket2F69FC00": {
      "DeletionPolicy": "Delete",
      "Metadata": {
        "cdk_nag": {
          "rules_to_suppress": [
            {
              "id": "AwsPrototyping-CloudFrontDistributionGeoRestrictions",
              "reason": "Suppressed to allow unrestricted access. Not recommended in production.",
            },
          ],
        },
      },
      "Properties": {
        "BucketEncryption": {
          "ServerSideEncryptionConfiguration": [
            {
              "ServerSideEncryptionByDefault": {
                "SSEAlgorithm": "AES256",
              },
            },
          ],
        },
        "LoggingConfiguration": {
          "DestinationBucketName": {
            "Ref": "DevWebsiteFrontendAccessLogsBucket36231F66",
          },
          "LogFilePrefix": "distribution-access-logs",
        },
        "OwnershipControls": {
          "Rules": [
            {
              "ObjectOwnership": "BucketOwnerPreferred",
            },
          ],
        },
        "PublicAccessBlockConfiguration": {
          "BlockPublicAcls": true,
          "BlockPublicPolicy": true,
          "IgnorePublicAcls": true,
          "RestrictPublicBuckets": true,
        },
        "Tags": [
          {
            "Key": "aws-cdk:auto-delete-objects",
            "Value": "true",
          },
        ],
      },
      "Type": "AWS::S3::Bucket",
      "UpdateReplacePolicy": "Delete",
    },
    "DevWebsiteFrontendDistributionLogBucketAutoDeleteObjectsCustomResourceC34892F9": {
      "DeletionPolicy": "Delete",
      "DependsOn": [
        "DevWebsiteFrontendDistributionLogBucketPolicy6B41C581",
      ],
      "Metadata": {
        "cdk_nag": {
          "rules_to_suppress": [
            {
              "id": "AwsPrototyping-CloudFrontDistributionGeoRestrictions",
              "reason": "Suppressed to allow unrestricted access. Not recommended in production.",
            },
          ],
        },
      },
      "Properties": {
        "BucketName": {
          "Ref": "DevWebsiteFrontendDistributionLogBucket2F69FC00",
        },
        "ServiceToken": {
          "Fn::GetAtt": [
            "CustomS3AutoDeleteObjectsCustomResourceProviderHandler9D90184F",
            "Arn",
          ],
        },
      },
      "Type": "Custom::S3AutoDeleteObjects",
      "UpdateReplacePolicy": "Delete",
    },
    "DevWebsiteFrontendDistributionLogBucketPolicy6B41C581": {
      "Metadata": {
        "cdk_nag": {
          "rules_to_suppress": [
            {
              "id": "AwsPrototyping-CloudFrontDistributionGeoRestrictions",
              "reason": "Suppressed to allow unrestricted access. Not recommended in production.",
            },
          ],
        },
      },
      "Properties": {
        "Bucket": {
          "Ref": "DevWebsiteFrontendDistributionLogBucket2F69FC00",
        },
        "PolicyDocument": {
          "Statement": [
            {
              "Action": "s3:*",
              "Condition": {
                "Bool": {
                  "aws:SecureTransport": "false",
                },
              },
              "Effect": "Deny",
              "Principal": {
                "AWS": "*",
              },
              "Resource": [
                {
                  "Fn::GetAtt": [
                    "DevWebsiteFrontendDistributionLogBucket2F69FC00",
                    "Arn",
                  ],
                },
                {
                  "Fn::Join": [
                    "",
                    [
                      {
                        "Fn::GetAtt": [
                          "DevWebsiteFrontendDistributionLogBucket2F69FC00",
                          "Arn",
                        ],
                      },
                      "/*",
                    ],
                  ],
                },
              ],
            },
            {
              "Action": [
                "s3:PutBucketPolicy",
                "s3:GetBucket*",
                "s3:List*",
                "s3:DeleteObject*",
              ],
              "Effect": "Allow",
              "Principal": {
                "AWS": {
                  "Fn::GetAtt": [
                    "CustomS3AutoDeleteObjectsCustomResourceProviderRole3B1BD092",
                    "Arn",
                  ],
                },
              },
              "Resource": [
                {
                  "Fn::GetAtt": [
                    "DevWebsiteFrontendDistributionLogBucket2F69FC00",
                    "Arn",
                  ],
                },
                {
                  "Fn::Join": [
                    "",
                    [
                      {
                        "Fn::GetAtt": [
                          "DevWebsiteFrontendDistributionLogBucket2F69FC00",
                          "Arn",
                        ],
                      },
                      "/*",
                    ],
                  ],
                },
              ],
            },
          ],
          "Version": "2012-10-17",
        },
      },
      "Type": "AWS::S3::BucketPolicy",
    },
    "DevWebsiteFrontendOriginAccessIdentityD070BA66": {
      "Metadata": {
        "cdk_nag": {
          "rules_to_suppress": [
            {
              "id": "AwsPrototyping-CloudFrontDistributionGeoRestrictions",
              "reason": "Suppressed to allow unrestricted access. Not recommended in production.",
            },
          ],
        },
      },
      "Properties": {
        "CloudFrontOriginAccessIdentityConfig": {
          "Comment": "Allows CloudFront to reach the bucket",
        },
      },
      "Type": "AWS::CloudFront::CloudFrontOriginAccessIdentity",
    },
    "DevWebsiteFrontendWebsiteBucketAutoDeleteObjectsCustomResource0FE3B3B3": {
      "DeletionPolicy": "Delete",
      "DependsOn": [
        "DevWebsiteFrontendWebsiteBucketPolicy1B52FC08",
      ],
      "Metadata": {
        "cdk_nag": {
          "rules_to_suppress": [
            {
              "id": "AwsPrototyping-CloudFrontDistributionGeoRestrictions",
              "reason": "Suppressed to allow unrestricted access. Not recommended in production.",
            },
          ],
        },
      },
      "Properties": {
        "BucketName": {
          "Ref": "DevWebsiteFrontendWebsiteBucketE62F7FA7",
        },
        "ServiceToken": {
          "Fn::GetAtt": [
            "CustomS3AutoDeleteObjectsCustomResourceProviderHandler9D90184F",
            "Arn",
          ],
        },
      },
      "Type": "Custom::S3AutoDeleteObjects",
      "UpdateReplacePolicy": "Delete",
    },
    "DevWebsiteFrontendWebsiteBucketE62F7FA7": {
      "DeletionPolicy": "Delete",
      "Metadata": {
        "cdk_nag": {
          "rules_to_suppress": [
            {
              "id": "AwsPrototyping-CloudFrontDistributionGeoRestrictions",
              "reason": "Suppressed to allow unrestricted access. Not recommended in production.",
            },
          ],
        },
      },
      "Properties": {
        "BucketEncryption": {
          "ServerSideEncryptionConfiguration": [
            {
              "ServerSideEncryptionByDefault": {
                "SSEAlgorithm": "AES256",
              },
            },
          ],
        },
        "LoggingConfiguration": {
          "DestinationBucketName": {
            "Ref": "DevWebsiteFrontendAccessLogsBucket36231F66",
          },
          "LogFilePrefix": "website-access-logs",
        },
        "OwnershipControls": {
          "Rules": [
            {
              "ObjectOwnership": "BucketOwnerEnforced",
            },
          ],
        },
        "PublicAccessBlockConfiguration": {
          "BlockPublicAcls": true,
          "BlockPublicPolicy": true,
          "IgnorePublicAcls": true,
          "RestrictPublicBuckets": true,
        },
        "Tags": [
          {
            "Key": "aws-cdk:auto-delete-objects",
            "Value": "true",
          },
          {
            "Key": "aws-cdk:cr-owned:31cf446c",
            "Value": "true",
          },
        ],
        "VersioningConfiguration": {
          "Status": "Enabled",
        },
      },
      "Type": "AWS::S3::Bucket",
      "UpdateReplacePolicy": "Delete",
    },
    "DevWebsiteFrontendWebsiteBucketPolicy1B52FC08": {
      "Metadata": {
        "cdk_nag": {
          "rules_to_suppress": [
            {
              "id": "AwsPrototyping-CloudFrontDistributionGeoRestrictions",
              "reason": "Suppressed to allow unrestricted access. Not recommended in production.",
            },
          ],
        },
      },
      "Properties": {
        "Bucket": {
          "Ref": "DevWebsiteFrontendWebsiteBucketE62F7FA7",
        },
        "PolicyDocument": {
          "Statement": [
            {
              "Action": "s3:*",
              "Condition": {
                "Bool": {
                  "aws:SecureTransport": "false",
                },
              },
              "Effect": "Deny",
              "Principal": {
                "AWS": "*",
              },
              "Resource": [
                {
                  "Fn::GetAtt": [
                    "DevWebsiteFrontendWebsiteBucketE62F7FA7",
                    "Arn",
                  ],
                },
                {
                  "Fn::Join": [
                    "",
                    [
                      {
                        "Fn::GetAtt": [
                          "DevWebsiteFrontendWebsiteBucketE62F7FA7",
                          "Arn",
                        ],
                      },
                      "/*",
                    ],
                  ],
                },
              ],
            },
            {
              "Action": [
                "s3:PutBucketPolicy",
                "s3:GetBucket*",
                "s3:List*",
                "s3:DeleteObject*",
              ],
              "Effect": "Allow",
              "Principal": {
                "AWS": {
                  "Fn::GetAtt": [
                    "CustomS3AutoDeleteObjectsCustomResourceProviderRole3B1BD092",
                    "Arn",
                  ],
                },
              },
              "Resource": [
                {
                  "Fn::GetAtt": [
                    "DevWebsiteFrontendWebsiteBucketE62F7FA7",
                    "Arn",
                  ],
                },
                {
                  "Fn::Join": [
                    "",
                    [
                      {
                        "Fn::GetAtt": [
                          "DevWebsiteFrontendWebsiteBucketE62F7FA7",
                          "Arn",
                        ],
                      },
                      "/*",
                    ],
                  ],
                },
              ],
            },
            {
              "Action": "s3:ListBucket",
              "Effect": "Allow",
              "Principal": {
                "CanonicalUser": {
                  "Fn::GetAtt": [
                    "DevWebsiteFrontendOriginAccessIdentityD070BA66",
                    "S3CanonicalUserId",
                  ],
                },
              },
              "Resource": {
                "Fn::GetAtt": [
                  "DevWebsiteFrontendWebsiteBucketE62F7FA7",
                  "Arn",
                ],
              },
            },
            {
              "Action": "s3:GetObject",
              "Effect": "Allow",
              "Principal": {
                "CanonicalUser": {
                  "Fn::GetAtt": [
                    "DevWebsiteFrontendOriginAccessIdentityD070BA66",
                    "S3CanonicalUserId",
                  ],
                },
              },
              "Resource": {
                "Fn::Join": [
                  "",
                  [
                    {
                      "Fn::GetAtt": [
                        "DevWebsiteFrontendWebsiteBucketE62F7FA7",
                        "Arn",
                      ],
                    },
                    "/*",
                  ],
                ],
              },
            },
          ],
          "Version": "2012-10-17",
        },
      },
      "Type": "AWS::S3::BucketPolicy",
    },
    "DevWebsiteFrontendWebsiteDeploymentAwsCliLayerC6B36266": {
      "Metadata": {
        "cdk_nag": {
          "rules_to_suppress": [
            {
              "id": "AwsPrototyping-CloudFrontDistributionGeoRestrictions",
              "reason": "Suppressed to allow unrestricted access. Not recommended in production.",
            },
          ],
        },
      },
      "Properties": {
        "Content": {
          "S3Bucket": {
            "Fn::Sub": "cdk-hnb659fds-assets-\${AWS::AccountId}-\${AWS::Region}",
          },
          "S3Key": "a9e618b28a5c32a3fe13ac02b1a0d54c36cc68e27303e84026a9c43bbfdca3ab.zip",
        },
        "Description": "/opt/awscli/aws",
      },
      "Type": "AWS::Lambda::LayerVersion",
    },
    "DevWebsiteFrontendWebsiteDeploymentCustomResource63998119": {
      "DeletionPolicy": "Delete",
      "Metadata": {
        "cdk_nag": {
          "rules_to_suppress": [
            {
              "id": "AwsPrototyping-CloudFrontDistributionGeoRestrictions",
              "reason": "Suppressed to allow unrestricted access. Not recommended in production.",
            },
          ],
        },
      },
      "Properties": {
        "DestinationBucketName": {
          "Ref": "DevWebsiteFrontendWebsiteBucketE62F7FA7",
        },
        "DistributionId": {
          "Ref": "DevWebsiteFrontendCloudfrontDistribution27357001",
        },
        "OutputObjectKeys": true,
        "Prune": true,
        "ServiceToken": {
          "Fn::GetAtt": [
            "CustomCDKBucketDeployment8693BB64968944B69AAFB0CC9EB8756C81C01536",
            "Arn",
          ],
        },
        "SourceBucketNames": [
          {
            "Fn::Sub": "cdk-hnb659fds-assets-\${AWS::AccountId}-\${AWS::Region}",
          },
        ],
        "SourceObjectKeys": [
          "5aa2910bce9430f086a6b57076fac76d5815941ffa87f03cdd06f759f1cd10c4.zip",
        ],
      },
      "Type": "Custom::CDKBucketDeployment",
      "UpdateReplacePolicy": "Delete",
    },
  },
  "Rules": {
    "CheckBootstrapVersion": {
      "Assertions": [
        {
          "Assert": {
            "Fn::Not": [
              {
                "Fn::Contains": [
                  [
                    "1",
                    "2",
                    "3",
                    "4",
                    "5",
                  ],
                  {
                    "Ref": "BootstrapVersion",
                  },
                ],
              },
            ],
          },
          "AssertDescription": "CDK bootstrap stack version 6 required. Please run 'cdk bootstrap' with a recent version of the CDK CLI.",
        },
      ],
    },
  },
}
`;
